> Task :checkKotlinGradlePluginConfigurationErrors SKIPPED

> Task :compileKotlin FAILED
./gradlew : e: file:///C:/Users/
asus/Desktop/entrevistaApp/Entre
vistaAPPBack/src/main/kotlin/dat
a/repository/admin/InformeGestio
nRepository.kt:23:51 Unresolved 
reference 'PlanPracticaTable'.
En línea: 1 Carácter: 1
+ ./gradlew compileKotlin 
--console=plain > 
build_error.log 2>&1
+ ~~~~~~~~~~~~~~~~~~~~~~~~~~~~~~
~~~~~~~~~~~~~~~~~~~~~~~~~~~~~~~~
    + CategoryInfo          : N 
   otSpecified: (e: file:///C:  
  /U...PracticaTable'.:String   
 ) [], RemoteException
    + FullyQualifiedErrorId : N 
   ativeCommandError
 
e: file:///C:/Users/asus/Desktop
/entrevistaApp/EntrevistaAPPBack
/src/main/kotlin/data/repository
/admin/InformeGestionRepository.
kt:31:46 Unresolved reference 
'PlanPracticaTable'.
e: file:///C:/Users/asus/Desktop
/entrevistaApp/EntrevistaAPPBack
/src/main/kotlin/data/repository
/admin/InformeGestionRepository.
kt:32:51 Unresolved reference 
'PlanPracticaTable'.
e: file:///C:/Users/asus/Desktop
/entrevistaApp/EntrevistaAPPBack
/src/main/kotlin/data/repository
/admin/InformeGestionRepository.
kt:33:47 Unresolved reference 
'PlanPracticaTable'.
e: file:///C:/Users/asus/Desktop
/entrevistaApp/EntrevistaAPPBack
/src/main/kotlin/data/repository
/admin/InformeGestionRepository.
kt:43:33 Unresolved reference 
'PlanPracticaTable'.
e: file:///C:/Users/asus/Desktop
/entrevistaApp/EntrevistaAPPBack
/src/main/kotlin/data/repository
/admin/InformeGestionRepository.
kt:45:36 Unresolved reference 
'PlanPracticaTable'.
e: file:///C:/Users/asus/Desktop
/entrevistaApp/EntrevistaAPPBack
/src/main/kotlin/data/repository
/admin/InformeGestionRepository.
kt:47:21 Unresolved reference 
'PlanPracticaTable'.
e: file:///C:/Users/asus/Desktop
/entrevistaApp/EntrevistaAPPBack
/src/main/kotlin/data/repository
/admin/InformeGestionRepository.
kt:48:21 Unresolved reference 
'PlanPracticaTable'.
e: file:///C:/Users/asus/Desktop
/entrevistaApp/EntrevistaAPPBack
/src/main/kotlin/data/repository
/admin/InformeGestionRepository.
kt:51:18 Unresolved reference 
'where'.
e: file:///C:/Users/asus/Desktop
/entrevistaApp/EntrevistaAPPBack
/src/main/kotlin/data/repository
/admin/InformeGestionRepository.
kt:51:26 Unresolved reference 
'PlanPracticaTable'.
e: file:///C:/Users/asus/Desktop
/entrevistaApp/EntrevistaAPPBack
/src/main/kotlin/data/repository
/admin/InformeGestionRepository.
kt:52:26 Unresolved reference 
'PlanPracticaTable'.
e: file:///C:/Users/asus/Desktop
/entrevistaApp/EntrevistaAPPBack
/src/main/kotlin/data/repository
/admin/InformeGestionRepository.
kt:52:55 Unresolved reference 
'PlanPracticaTable'.
e: file:///C:/Users/asus/Desktop
/entrevistaApp/EntrevistaAPPBack
/src/main/kotlin/data/repository
/admin/InformeGestionRepository.
kt:53:24 Cannot infer type for 
value parameter 'row'. Specify 
it explicitly.
e: file:///C:/Users/asus/Desktop
/entrevistaApp/EntrevistaAPPBack
/src/main/kotlin/data/repository
/admin/InformeGestionRepository.
kt:55:37 Cannot infer type for 
type parameter 'E'. Specify it 
explicitly.
e: file:///C:/Users/asus/Desktop
/entrevistaApp/EntrevistaAPPBack
/src/main/kotlin/data/repository
/admin/InformeGestionRepository.
kt:55:37 Cannot infer type for 
type parameter 'T'. Specify it 
explicitly.
e: file:///C:/Users/asus/Desktop
/entrevistaApp/EntrevistaAPPBack
/src/main/kotlin/data/repository
/admin/InformeGestionRepository.
kt:55:37 Argument type 
mismatch: actual type is 
'ArrayGet<uninferred E (of fun 
<E, T : List<E>?> ExpressionWith
ColumnType<T>.get), uninferred 
T (of fun <E, T : List<E>?> Expr
essionWithColumnType<T>.get)> & 
String', but 'String' was 
expected.
e: file:///C:/Users/asus/Desktop
/entrevistaApp/EntrevistaAPPBack
/src/main/kotlin/data/repository
/admin/InformeGestionRepository.
kt:55:41 Unresolved reference 
'PlanPracticaTable'.
e: file:///C:/Users/asus/Desktop
/entrevistaApp/EntrevistaAPPBack
/src/main/kotlin/data/repository
/admin/InformeGestionRepository.
kt:56:32 Argument type 
mismatch: actual type is 
'ArrayGet<uninferred E (of fun 
<E, T : List<E>?> ExpressionWith
ColumnType<T>.get), uninferred 
T (of fun <E, T : List<E>?> Expr
essionWithColumnType<T>.get)>', 
but 'String?' was expected.
e: file:///C:/Users/asus/Desktop
/entrevistaApp/EntrevistaAPPBack
/src/main/kotlin/data/repository
/admin/InformeGestionRepository.
kt:56:32 Cannot infer type for 
type parameter 'E'. Specify it 
explicitly.
e: file:///C:/Users/asus/Desktop
/entrevistaApp/EntrevistaAPPBack
/src/main/kotlin/data/repository
/admin/InformeGestionRepository.
kt:56:32 Cannot infer type for 
type parameter 'T'. Specify it 
explicitly.
e: file:///C:/Users/asus/Desktop
/entrevistaApp/EntrevistaAPPBack
/src/main/kotlin/data/repository
/admin/InformeGestionRepository.
kt:56:36 Unresolved reference 
'PlanPracticaTable'.
e: file:///C:/Users/asus/Desktop
/entrevistaApp/EntrevistaAPPBack
/src/main/kotlin/data/repository
/admin/InformeGestionRepository.
kt:57:44 Cannot infer type for 
type parameter 'V'. Specify it 
explicitly.
e: file:///C:/Users/asus/Desktop
/entrevistaApp/EntrevistaAPPBack
/src/main/kotlin/data/repository
/admin/InformeGestionRepository.
kt:62:31 Unresolved reference 
'PlanPracticaTable'.
e: file:///C:/Users/asus/Desktop
/entrevistaApp/EntrevistaAPPBack
/src/main/kotlin/data/repository
/admin/InformeGestionRepository.
kt:64:33 Unresolved reference 
'PlanPracticaTable'.
e: file:///C:/Users/asus/Desktop
/entrevistaApp/EntrevistaAPPBack
/src/main/kotlin/data/repository
/admin/InformeGestionRepository.
kt:66:21 Unresolved reference 
'PlanPracticaTable'.
e: file:///C:/Users/asus/Desktop
/entrevistaApp/EntrevistaAPPBack
/src/main/kotlin/data/repository
/admin/InformeGestionRepository.
kt:69:18 Unresolved reference 
'where'.
e: file:///C:/Users/asus/Desktop
/entrevistaApp/EntrevistaAPPBack
/src/main/kotlin/data/repository
/admin/InformeGestionRepository.
kt:69:26 Unresolved reference 
'PlanPracticaTable'.
e: file:///C:/Users/asus/Desktop
/entrevistaApp/EntrevistaAPPBack
/src/main/kotlin/data/repository
/admin/InformeGestionRepository.
kt:70:26 Unresolved reference 
'PlanPracticaTable'.
e: file:///C:/Users/asus/Desktop
/entrevistaApp/EntrevistaAPPBack
/src/main/kotlin/data/repository
/admin/InformeGestionRepository.
kt:71:24 Cannot infer type for 
value parameter 'row'. Specify 
it explicitly.
e: file:///C:/Users/asus/Desktop
/entrevistaApp/EntrevistaAPPBack
/src/main/kotlin/data/repository
/admin/InformeGestionRepository.
kt:73:32 Argument type 
mismatch: actual type is 
'ArrayGet<uninferred E (of fun 
<E, T : List<E>?> ExpressionWith
ColumnType<T>.get), uninferred 
T (of fun <E, T : List<E>?> Expr
essionWithColumnType<T>.get)>', 
but 'String?' was expected.
e: file:///C:/Users/asus/Desktop
/entrevistaApp/EntrevistaAPPBack
/src/main/kotlin/data/repository
/admin/InformeGestionRepository.
kt:73:32 Cannot infer type for 
type parameter 'E'. Specify it 
explicitly.
e: file:///C:/Users/asus/Desktop
/entrevistaApp/EntrevistaAPPBack
/src/main/kotlin/data/repository
/admin/InformeGestionRepository.
kt:73:32 Cannot infer type for 
type parameter 'T'. Specify it 
explicitly.
e: file:///C:/Users/asus/Desktop
/entrevistaApp/EntrevistaAPPBack
/src/main/kotlin/data/repository
/admin/InformeGestionRepository.
kt:73:36 Unresolved reference 
'PlanPracticaTable'.
e: file:///C:/Users/asus/Desktop
/entrevistaApp/EntrevistaAPPBack
/src/main/kotlin/data/repository
/admin/InformeGestionRepository.
kt:74:42 Cannot infer type for 
type parameter 'V'. Specify it 
explicitly.
e: file:///C:/Users/asus/Desktop
/entrevistaApp/EntrevistaAPPBack
/src/main/kotlin/data/repository
/admin/InformeGestionRepository.
kt:96:52 Unresolved reference 
'size'.
e: file:///C:/Users/asus/Desktop
/entrevistaApp/EntrevistaAPPBack
/src/main/kotlin/data/repository
/admin/InformeGestionRepository.
kt:97:48 Unresolved reference 
'size'.
e: file:///C:/Users/asus/Desktop
/entrevistaApp/EntrevistaAPPBack
/src/main/kotlin/data/repository
/admin/InformeGestionRepository.
kt:122:18 'fun slice(column: 
Expression<*>, vararg columns: 
Expression<*>): FieldSet' is 
deprecated. As part of SELECT 
DSL design changes, this will 
be removed in future releases.
e: file:///C:/Users/asus/Desktop
/entrevistaApp/EntrevistaAPPBack
/src/main/kotlin/data/repository
/admin/InformeGestionRepository.
kt:151:43 Argument type 
mismatch: actual type is 
'Instant?', but 
'LocalDateTime?' was expected.

FAILURE: Build failed with an 
exception.

* What went wrong:
Execution failed for task 
':compileKotlin'.
> A failure occurred while 
executing org.jetbrains.kotlin.c
ompilerRunner.GradleCompilerRunn
erWithWorkers$GradleKotlinCompil
erWorkAction
   > Compilation error. See log 
for more details

* Try:
> Run with --stacktrace option 
to get the stack trace.
> Run with --info or --debug 
option to get more log output.
> Run with --scan to generate a 
Build Scan (Powered by 
Develocity).
> Get more help at 
https://help.gradle.org.

BUILD FAILED in 9s
1 actionable task: 1 executed
